// Jest Snapshot v1, https://goo.gl/fbAQLP

exports[`Test for AccountImport component Render without crashing renders correctly 1`] = `
<div>
  <div
    class="account-import"
  >
    <a
      href="/account/import/phrase"
      style="text-decoration: none;"
    >
      <div
        class="card option-card"
      >
        <div
          class="card-title-wrapper"
        >
          <svg
            class="card-icon"
          />
          <p
            class="card-title"
          >
            Import with a seed phrase
          </p>
        </div>
        <div
          class="card-description"
        >
          Import an existing wallet using a 12-word seed phrase.
        </div>
      </div>
    </a>
    <a
      href="/account/import/keyfile"
      style="text-decoration: none;"
    >
      <div
        class="card option-card"
      >
        <div
          class="card-title-wrapper"
        >
          <svg
            class="card-icon"
          />
          <p
            class="card-title"
          >
            Upload a .JSON wallet file
          </p>
        </div>
        <div
          class="card-description"
        >
          Import an existing wallet by uploading a .JSON file.
        </div>
      </div>
    </a>
    <a
      href="/account/create"
      style="text-decoration: none;"
    >
      <div
        class="card option-card"
      >
        <div
          class="card-title-wrapper"
        >
          <svg
            class="card-icon"
          />
          <p
            class="card-title"
          >
            Get a new wallet
          </p>
        </div>
        <div
          class="card-description"
        >
          Start from the beginning.
        </div>
      </div>
    </a>
  </div>
</div>
`;
