// Jest Snapshot v1, https://goo.gl/fbAQLP

exports[`Test for ImportByFile component Render without crashing renders correctly 1`] = `
<div>
  <div
    class="account-import-key"
  >
    <div
      class="card import-card"
    >
      <div
        class="title"
      >
        <svg
          class="title-icon"
        />
        <div
          class="title-text"
        >
          Upload a .JSON file
        </div>
      </div>
      <form>
        <div
          class="dropzone"
          tabindex="0"
        >
          <div
            class="decorator"
          >
            <input
              accept="application/json"
              autocomplete="off"
              data-testid="fileInput"
              multiple=""
              name="fileField"
              style="display: none;"
              tabindex="-1"
              type="file"
            />
            <div
              class="drag-active"
            >
              <svg
                class="export-icon"
              />
              <div
                class="import-description"
              >
                Drag & drop an existing .JSON wallet file here or click to browse your computer
              </div>
            </div>
          </div>
        </div>
        <div
          class="create-password"
        >
          <div
            class="fields"
          >
            <div
              class="input-field "
            >
              <div
                class="label"
              >
                New password
              </div>
              <div
                class="input-wrapper"
              >
                <input
                  class="input"
                  name="pwd"
                  placeholder="Make it unique (min. 8 characters)"
                  type="password"
                  value=""
                />
                <svg
                  class="toggle-display"
                />
              </div>
            </div>
            <div
              class="input-field "
            >
              <div
                class="label"
              >
                Confirm password
              </div>
              <div
                class="input-wrapper"
              >
                <input
                  class="input"
                  name="pwdConfirm"
                  placeholder=""
                  type="password"
                  value=""
                />
                <svg
                  class="toggle-display"
                />
              </div>
            </div>
          </div>
          <div
            class="term-service"
          >
            <div
              class="checkbox"
            >
              <input
                name="checkbox"
                type="checkbox"
                value="false"
              />
            </div>
            <label>
              I agree with the 
              <a
                href="#"
              >
                Terms of Service
              </a>
            </label>
          </div>
          <div
            class="button"
          >
            <button
              class="button-shared button-filled import-button"
            >
              Import Wallet
            </button>
          </div>
        </div>
      </form>
    </div>
  </div>
</div>
`;
