// Jest Snapshot v1, https://goo.gl/fbAQLP

exports[`Test for Setting component Render without crashing renders correctly 1`] = `
<div>
  <div
    class="setting-container"
  >
    <div>
      <button
        class="global-button"
      >
        <div
          class="global-button-content"
        >
          <div
            class="global-button-icon"
          >
            <svg />
          </div>
          <div
            class="global-button-label"
          >
            Lock Koi Wallet
          </div>
        </div>
      </button>
    </div>
    <div
      class="setting-mock-content"
    >
      <div
        class="account-setting-row"
      >
        <div
          class="display-row icon"
        >
          <div
            class="logo-icon"
          >
            <svg />
          </div>
        </div>
        <div
          class="display-row account-info"
        >
          <div
            class="account-name-line"
          >
            <div
              class="name"
            >
              Account 1
            </div>
            <div
              class="edit-icon"
            >
              <svg />
            </div>
          </div>
          <button
            class="button-shared button-outline get-seed-phrase-button"
          >
            Get Seed Phrase
          </button>
        </div>
      </div>
    </div>
  </div>
</div>
`;
