// Jest Snapshot v1, https://goo.gl/fbAQLP

exports[`Test for DropFile component Render without crashing renders correctly 1`] = `
<div>
  <div
    class="dropzone"
    tabindex="0"
  >
    <div
      class="decorator"
    >
      <input
        accept="application/json"
        autocomplete="off"
        data-testid="fileInput"
        multiple=""
        name="fileField"
        style="display: none;"
        tabindex="-1"
        type="file"
      />
      <div
        class="drag-active"
      >
        <svg
          class="export-icon"
        />
        <div
          class="import-description"
        >
          Drag & drop an existing .JSON wallet file here or click to browse your computer
        </div>
      </div>
    </div>
  </div>
</div>
`;
