// Jest Snapshot v1, https://goo.gl/fbAQLP

exports[`Tests for Wallet component Render correctly renders without crashing 1`] = `
<div>
  <div
    class="modal-container"
  >
    <div
      class="modal export-file-modal"
    >
      <div
        class="modal-close-icon"
      >
        <svg />
      </div>
      <div
        class="modal-title"
      >
        Export Private Key
      </div>
      <div
        class="modal-description"
      >
        Enter your password to download your private keyfile. Make sure you are on a private computer.
      </div>
      <div
        class="warning"
      >
        <svg
          class="warning-icon"
        />
        <div
          class="warning-text"
        >
          Never share this private key. Anyone with your key can steal any assets in this account.
        </div>
      </div>
      <div
        class="input-field enter-password"
      >
        <div
          class="label"
        >
          Enter your password
        </div>
        <div
          class="input-wrapper"
        >
          <input
            class="input"
            name=""
            placeholder=""
            type="password"
            value=""
          />
          <svg
            class="toggle-display"
          />
        </div>
      </div>
      <div
        class="button-line"
      >
        <button
          class="button-shared button-filled modal-action-button reveal"
        >
          Reveal
        </button>
        <button
          class="button-shared button-outline modal-action-button close"
        >
          Go Back
        </button>
      </div>
    </div>
  </div>
</div>
`;
