// Jest Snapshot v1, https://goo.gl/fbAQLP

exports[`Test for AssetList component Render without crashing renders correctly 1`] = `
<div>
  <div
    class="assets"
  >
    <div
      class="asset-row-container"
      style="background: rgb(238, 238, 238);"
    >
      <div
        class="asset-row-rearrange-icon"
      >
        <svg />
      </div>
      <div
        class="asset-row-logo-icon"
      >
        <svg />
      </div>
      <div
        class="asset-name"
      >
        Astropinx
      </div>
      <div
        class="koi-earned"
      >
        29.373
         KOI earned
      </div>
      <div
        class="asset-row-function-icons"
      >
        <div>
          <svg
            class="asset-row-function-icon"
          />
        </div>
        <div>
          <svg
            class="asset-row-function-icon"
          />
        </div>
      </div>
    </div>
    <div
      class="asset-row-container"
      style="background: rgb(255, 255, 255);"
    >
      <div
        class="asset-row-rearrange-icon"
      >
        <svg />
      </div>
      <div
        class="asset-row-logo-icon"
      >
        <svg />
      </div>
      <div
        class="asset-name"
      >
        AsMercury (The Planets #1)tropinx
      </div>
      <div
        class="koi-earned"
      >
        29.373
         KOI earned
      </div>
      <div
        class="asset-row-function-icons"
      >
        <div>
          <svg
            class="asset-row-function-icon"
          />
        </div>
        <div>
          <svg
            class="asset-row-function-icon"
          />
        </div>
      </div>
    </div>
    <div
      class="assets-add-more-row"
    >
      <div
        class="assets-plus-icon"
      >
        <svg />
      </div>
    </div>
  </div>
</div>
`;
