// Jest Snapshot v1, https://goo.gl/fbAQLP

exports[`Test for TransactionConfirmModal component Render without crashing renders correctly 1`] = `
<div>
  <div
    class="modal-container"
  >
    <div
      class="modal"
    >
      <div
        class="modal-close-icon"
      >
        <svg />
      </div>
      <div
        class="modal-title"
      >
        <strong>
          Transaction Confirmation
        </strong>
        <br />
        Send
         
        <strong>
          NaN
           KOI
        </strong>
         to
      </div>
      <div
        class="modal-account-address confirm-transaction"
      />
      <div
        class="modal-description"
      >
        * Yes, I have confirmed this is the correct wallet address.
      </div>
      <div
        class="modal-action-buttons"
      >
        <button
          class="button-shared button-filled modal-action-button send"
        >
          Send KOI
        </button>
        <button
          class="button-shared button-outline modal-action-button close"
        >
          No, Go Back
        </button>
      </div>
    </div>
  </div>
</div>
`;
