// Jest Snapshot v1, https://goo.gl/fbAQLP

exports[`Test for SendKoiForm component Render without crashing renders correctly 1`] = `
<div>
  <div
    class="allow-permission"
  >
    <div
      class="label"
    >
      Allow this site to:
    </div>
    <div
      class="permission checked"
    >
      <div
        class="checkbox-container check-allow"
      >
        <div
          class="checkbox-input"
        >
          <input
            checked=""
            class="checkbox-hidden"
            disabled=""
            type="checkbox"
          />
          <div
            class="checkbox-styled"
            style="background: rgb(155, 231, 196);"
          >
            <div
              class="check-mark-icon"
              style="visibility: visible;"
            >
              <svg />
            </div>
          </div>
        </div>
        <span
          class="checkbox-label"
        >
          View the addresses of your permitted accounts (required)
        </span>
      </div>
    </div>
    <div
      class="trust-sites"
    >
      Only connect with sites you trust.
    </div>
    <div
      class="button-line"
    >
      <button
        class="button-shared button-filled button connect"
      >
        Connect
      </button>
      <button
        class="button-shared button-outline button reject"
      >
        Reject
      </button>
    </div>
  </div>
</div>
`;
