// Jest Snapshot v1, https://goo.gl/fbAQLP

exports[`Test for Popup component Render without crashing renders correctly 1`] = `
<div>
  <div
    class="popup"
  >
    <header
      style="margin-bottom: 0px;"
    >
      <button
        class="logo-button"
      >
        <svg
          class="logo"
        />
      </button>
      <button
        class="gallery-button"
      >
        My NFT Gallery
      </button>
      <button
        class="setting-button"
      >
        <svg />
      </button>
    </header>
    <nav>
      <a
        aria-current="page"
        class="nav-item nav-item-active"
        href="/account"
      >
        <div>
          Accounts
        </div>
      </a>
      <a
        class="nav-item"
        href="/assets"
      >
        <div>
          Assets
        </div>
      </a>
      <a
        class="nav-item"
        href="/activity"
      >
        <div>
          Activity
        </div>
      </a>
    </nav>
    <div
      class="content"
    >
      <div>
        <a
          class="plus-button"
          href="/account/import"
        >
          <svg />
        </a>
      </div>
    </div>
  </div>
</div>
`;
