// Jest Snapshot v1, https://goo.gl/fbAQLP

exports[`Test for RemoveConnectedSites component Render without crashing renders correctly 1`] = `
<div>
  <div
    class="modal-container"
  >
    <div
      class="modal undefined"
    >
      <div
        class="modal-close-icon"
      >
        <svg />
      </div>
      <div
        class="modal-title remove-sites-modal"
      >
        Account 1
         is connected to these sites.
        <br />
        They can view your account address.
      </div>
      <div
        class="connected-site-row"
        style="background: rgb(238, 238, 238);"
      >
        <div
          class="connected-site-name"
        >
          koi.rocks
        </div>
        <button
          class="delete-button"
        >
          <div
            class="delete-icon"
          >
            <svg />
          </div>
        </button>
      </div>
      <div
        class="connected-site-row"
        style="background: rgb(255, 255, 255);"
      >
        <div
          class="connected-site-name"
        >
          app.uniswap.org
        </div>
        <button
          class="delete-button"
        >
          <div
            class="delete-icon"
          >
            <svg />
          </div>
        </button>
      </div>
      <div
        class="manual-connect-container"
        style="background: rgb(238, 238, 238);"
      >
        <button
          class="manual-connect-button"
        >
          <div
            class="plus-icon"
          >
            <svg />
          </div>
        </button>
        <div
          class="manual-connect-label"
        >
          manually connect to current site
        </div>
      </div>
    </div>
  </div>
</div>
`;
