// Jest Snapshot v1, https://goo.gl/fbAQLP

exports[`Test for  Modal component Render without crashing renders correctly 1`] = `
<div>
  <div
    class="modal-container"
  >
    <div
      class="modal"
    >
      <div
        class="modal-close-icon"
      >
        <svg />
      </div>
      <h1
        class="children"
      >
        Hello
      </h1>
    </div>
  </div>
</div>
`;
