// Jest Snapshot v1, https://goo.gl/fbAQLP

exports[`Test for ImportPhraseLockScreen component renders without crashing renders correctly 1`] = `
<div>
  <div
    class="select-container className"
  >
    <div
      class="label"
    >
      label
    </div>
    <div
      class="select-wrapper"
    >
      <div
        class="header"
      >
        <input
          class="selected-option"
          placeholder="placeholder"
          readonly=""
          type="text"
          value="one"
        />
        <button
          class="arrow-button"
        >
          <div
            class="arrow-icon"
            style="transform: none;"
          >
            <svg />
          </div>
        </button>
      </div>
    </div>
  </div>
</div>
`;
