// Jest Snapshot v1, https://goo.gl/fbAQLP

exports[`Test for SendKoiForm component Render without crashing renders correctly 1`] = `
<div>
  <form
    class="send-koi-form"
  >
    <div
      class="koi-balance"
    >
      <span>
        Available balance: 
      </span>
      <b>
        1345.22 KOI
      </b>
      <div
        class="amount-in-usd"
      >
        $
        1,345.22
         USD
      </div>
    </div>
    <div
      class="select-container currency-select"
    >
      <div
        class="select-wrapper"
      >
        <div
          class="header"
        >
          <input
            class="selected-option"
            placeholder=""
            readonly=""
            type="text"
            value="KOI"
          />
          <button
            class="arrow-button"
          >
            <div
              class="arrow-icon"
              style="transform: none;"
            >
              <svg />
            </div>
          </button>
        </div>
      </div>
    </div>
    <div
      class="recipient"
    >
      <div
        class="input-field form-input"
      >
        <div
          class="label"
        >
          To
        </div>
        <div
          class="input-wrapper"
        >
          <input
            class="input"
            name=""
            placeholder="Recipient’s wallet address"
            type="text"
            value=""
          />
          <svg
            class="toggle-display"
          />
        </div>
      </div>
    </div>
    <div
      class="warning"
    >
      <div
        class="warning-icon"
      >
        <svg />
      </div>
      <div
        class="warning-message"
      >
        Make sure you have the correct wallet address. There is no way to reverse the transaction.
      </div>
    </div>
    <div
      class="amount"
    >
      <div
        class="input-field form-input"
      >
        <div
          class="label"
        >
          Amount
        </div>
        <div
          class="input-wrapper"
        >
          <input
            class="input"
            name=""
            placeholder="Amount of KOI to send"
            type="number"
            value=""
          />
          <svg
            class="toggle-display"
          />
        </div>
      </div>
    </div>
    <button
      class="button-shared button-filled send-button"
    >
      Send KOI
    </button>
  </form>
</div>
`;
