// Jest Snapshot v1, https://goo.gl/fbAQLP

exports[`Test for Assets component Render without crashing renders correctly 1`] = `
<div>
  <div
    class="assets"
  >
    <div
      class="assets-add-more-row"
    >
      <div
        class="assets-plus-icon"
      >
        <svg />
      </div>
    </div>
  </div>
</div>
`;
