// Jest Snapshot v1, https://goo.gl/fbAQLP

exports[`Test for ImportPhraseLockScreen component renders without crashing renders correctly 1`] = `
<div>
  <div
    class="sign-tx"
  >
    <div
      class="account-section"
    >
      <div
        class="account-source"
      >
        <div>
          From:
        </div>
        <div
          class="source-account account"
        >
          <div
            class="logo-icon"
          >
            <svg
              class="icon"
            />
          </div>
          <div
            class="account-info"
          >
            <div
              class="title"
            >
              Account 1
            </div>
            <div
              class="address"
            />
          </div>
        </div>
        <div>
          To:
        </div>
        <div
          class="destination-account account"
        >
          <div
            class="logo-icon"
          >
            <svg />
          </div>
          <div
            class="account-info"
          >
            <div
              class="address"
            />
          </div>
        </div>
      </div>
      <div
        class="origin"
      >
        <a
          href=""
        />
      </div>
    </div>
    <div
      class="content-section"
    >
      <div
        class="card transaction-detail"
      >
        <div
          class="label"
        >
          Transaction details
        </div>
        <div
          class="details"
        >
          <div
            class="detail-row"
          >
            Send
          </div>
          <div
            class="detail-row amount"
          >
            <div
              class="koi"
            >
              ---
               KOI
            </div>
            <div
              class="usd"
            >
              ~
              0
               USD
            </div>
          </div>
        </div>
        <div
          class="button-group"
        >
          <button
            class="button-shared button-filled button confirm"
          >
            Confirm
          </button>
          <button
            class="button-shared button-layout button reject"
          >
            Reject
          </button>
        </div>
      </div>
    </div>
  </div>
</div>
`;
