// Jest Snapshot v1, https://goo.gl/fbAQLP

exports[`Test for Navbar component Render without crashing renders correctly 1`] = `
<div>
  <nav>
    <a
      class="nav-item"
      href="/account/home"
    >
      <div
        class=""
      >
        Accounts
      </div>
    </a>
    <a
      class="nav-item"
      href="/assets"
    >
      <div
        class=""
      >
        Assets
      </div>
    </a>
    <a
      class="nav-item"
      href="/activity"
    >
      <div
        class=""
      >
        Activity
      </div>
    </a>
  </nav>
</div>
`;
